[backblue.gif]
[fade.gif]
[index.html]
[diyhomewoodplans.com/offer/css/style.css]
[fonts.googleapis.com/css20466.css]
[fonts.googleapis.com/css258f5.css]
[www.tedswoodworking.com/bbext/jquery-3.3.1.min.js]
[diyhomewoodplans.com/offer/images/logo.png]
[diyhomewoodplans.com/offer/images/icon1.png]
[diyhomewoodplans.com/offer/images/profile5.png]
[diyhomewoodplans.com/offer/images/wood-fail.jpg]
[diyhomewoodplans.com/offer/images/ted-workshop.jpg]
[diyhomewoodplans.com/offer/images/new-box651111.png]
[diyhomewoodplans.com/offer/images/wood-plans-1.jpg]
[diyhomewoodplans.com/offer/images/cutting-list7831.jpg]
[diyhomewoodplans.com/offer/images/wood-plans-3.jpg]
[diyhomewoodplans.com/offer/images/wood-plans-2.jpg]
[diyhomewoodplans.com/offer/images/x15212.jpg]
[diyhomewoodplans.com/offer/images/wplans.jpg]
[diyhomewoodplans.com/offer/images/lifetime-updates63.png]
[diyhomewoodplans.com/offer/images/workshop-wood.jpg]
[diyhomewoodplans.com/offer/images/wood-projects-cool12.png]
[diyhomewoodplans.com/offer/images/wood-projects-cool3.png]
[diyhomewoodplans.com/offer/images/amazing-woodworking-projects1.png]
[diyhomewoodplans.com/offer/images/b623.jpg]
[diyhomewoodplans.com/offer/images/w5123.jpg]
[diyhomewoodplans.com/offer/images/adirondack-chair621.jpg]
[diyhomewoodplans.com/offer/images/kid-toy361.jpg]
[diyhomewoodplans.com/offer/images/butcher-block-plans.jpg]
[diyhomewoodplans.com/offer/images/woodworking-plans9m.jpg]
[diyhomewoodplans.com/offer/images/checked-checkbox-64.png]
[diyhomewoodplans.com/offer/images/comma.png]
[diyhomewoodplans.com/offer/images/wille-stark-300x300.jpg]
[diyhomewoodplans.com/offer/images/bradly-ler.jpg]
[diyhomewoodplans.com/offer/images/testi-265.jpg]
[diyhomewoodplans.com/offer/images/testi-182.jpg]
[diyhomewoodplans.com/offer/images/tt3.jpg]
[diyhomewoodplans.com/offer/images/tt5.jpg]
[diyhomewoodplans.com/offer/images/tt1.jpg]
[diyhomewoodplans.com/offer/images/tt7.jpg]
[diyhomewoodplans.com/offer/images/tt4.jpg]
[diyhomewoodplans.com/offer/images/tt6jpg.jpg]
[diyhomewoodplans.com/offer/images/tt2.jpg]
[diyhomewoodplans.com/offer/images/cprojects11.jpg]
[diyhomewoodplans.com/offer/images/cprojects2.jpg]
[diyhomewoodplans.com/offer/images/cprojects3.jpg]
[diyhomewoodplans.com/offer/images/cprojects786.jpg]
[diyhomewoodplans.com/offer/images/s-cadsoftware1.png]
[diyhomewoodplans.com/offer/images/ss-vsl-noshadow-videos1.png]
[diyhomewoodplans.com/offer/images/ss-vsl-woodbiz-noshadow1.png]
[diyhomewoodplans.com/offer/images/icon-2.png]
[diyhomewoodplans.com/offer/images/ss-vsl-woodguides-noshadow1.png]
[diyhomewoodplans.com/offer/images/s-GROUP22.png]
[diyhomewoodplans.com/offer/images/chair-plans62.jpg]
[diyhomewoodplans.com/offer/images/bi225.jpg]
[diyhomewoodplans.com/offer/images/guarantee_1611.png]
[diyhomewoodplans.com/offer/images/icon-3.png]
[diyhomewoodplans.com/offer/images/tedswoodworking-members.png]
[ajax.googleapis.com/ajax/libs/jquery/1.10.1/jquery.min.js]
[diyhomewoodplans.com/theme.js]
[diyhomewoodplans.com/offer/js/jquery.min.js]
[www.youtube.com/iframe_api]
[www.google-analytics.com/analytics.js]
[cdn.blackads.com.br/dist/trackc164.js]
[tedswoodworking.digeeto.online/index.html]
[fonts.googleapis.com/css20466.css]
[fonts.googleapis.com/css258f5.css]
[diyhomewoodplans.com/offer/css/style.css]
[ajax.googleapis.com/ajax/libs/jquery/1.10.1/jquery.min.js]
[www.youtube.com/iframe_api]
[diyhomewoodplans.com/offer/images/grey-card-1.svg]
[diyhomewoodplans.com/offer/images/grey-card-2.svg]
[diyhomewoodplans.com/offer/images/grey-card-3.svg]
[diyhomewoodplans.com/offer/images/grey-card-4.svg]
[diyhomewoodplans.com/offer/js/jquery-3.4.1.slim.min.html]
