[www.silenciloriginal.com/index.html]
[lh4.googleusercontent.com/android-icon-36x36.png]
[backblue.gif]
[fade.gif]
[index.html]
[ssl.gstatic.com/atari/images/aristotle-header-dark.jpg]
[apis.google.com/js/clientc932.js]
[www.silenciloriginal.com/home.html]
[www.silenciloriginal.com/privacy.html]
[www.silenciloriginal.com/terms-of-service.html]
[www.silenciloriginal.com/contact.html]
[lh4.googleusercontent.com/silencil1o.jpg]
[lh5.googleusercontent.com/take-now.png]
[lh4.googleusercontent.com/silencil.JPG]
[lh3.googleusercontent.com/EmbeddedImage.png]
[lh3.googleusercontent.com/EmbeddedImage.jpg]
[lh4.googleusercontent.com/EmbeddedImage.png]
[www.silenciloriginal.com/index.html]
[fonts.googleapis.com/cssce68.css]
[fonts.googleapis.com/css9f00.css]
[fonts.googleapis.com/css7ee1.css]
[www.gstatic.com/_/atari/_/ss/k=atari.vw.IwABFYK-nHs.L.X.O/d=1/rs=AGEqA5lJ_0COTVdeJCzzPcbGJTv9u-Y3mw.css]
[lh3.googleusercontent.com/android-icon-36x36.png]
[lh6.googleusercontent.com/silencil1o.jpg]
[lh4.googleusercontent.com/take-now.png]
[lh4.googleusercontent.com/silencil-2.JPG]
[lh4.googleusercontent.com/EmbeddedImage-2.png]
[lh5.googleusercontent.com/EmbeddedImage.jpg]
[lh3.googleusercontent.com/EmbeddedImage-2.png]
[www.silenciloriginal.com/home.html]
[www.silenciloriginal.com/privacy.html]
[www.silenciloriginal.com/terms-of-service.html]
[www.silenciloriginal.com/contact.html]
[fonts.googleapis.com/css45c2.css]
[fonts.googleapis.com/css45c2.css]
[www.silenciloriginal.com/home.html]
