[clickbuyhere.com/teds-woodworking/index.html]
[backblue.gif]
[fade.gif]
[index.html]
[clickbuyhere.com/wp-includes/css/dist/block-library/style.min5b21.css]
[clickbuyhere.com/wp-content/themes/hello-elementor/style.minc141.css]
[s.w.org/index.html]
[clickbuyhere.com/feed/index.html]
[clickbuyhere.com/wp-content/themes/hello-elementor/theme.minc141.css]
[clickbuyhere.com/comments/feed/index.html]
[clickbuyhere.com/wp-content/plugins/elementor/assets/css/frontend-lite.minac9e.css]
[clickbuyhere.com/wp-content/uploads/elementor/css/post-5f4e8.css]
[clickbuyhere.com/wp-content/plugins/cookie-notice/css/front.min5b21.css]
[clickbuyhere.com/wp-content/plugins/elementor/assets/lib/eicons/css/elementor-icons.min91ce.css]
[clickbuyhere.com/wp-content/plugins/elementor-pro/assets/css/frontend-lite.min49eb.css]
[clickbuyhere.com/wp-content/uploads/elementor/css/globalaa15.css]
[clickbuyhere.com/wp-content/uploads/elementor/css/post-55c3c1.css]
[fonts.googleapis.com/css9c85.css]
[clickbuyhere.com/wp-content/plugins/elementor/assets/lib/font-awesome/css/fontawesome.min52d5.css]
[clickbuyhere.com/wp-content/plugins/elementor/assets/lib/font-awesome/css/solid.min52d5.css]
[clickbuyhere.com/wp-includes/js/jquery/jquery.minaf6c.js]
[clickbuyhere.com/wp-includes/js/jquery/jquery-migrate.mind617.js]
[clickbuyhere.com/wp-content/plugins/cookie-notice/js/front.min8d5a.js]
[clickbuyhere.com/wp-json/wp/v2/pages/55.json]
[clickbuyhere.com/wp-json/index.html]
[clickbuyhere.com/xmlrpc0db0.php]
[clickbuyhere.com/wp-json/oembed/1.0/embed62f6.json]
[clickbuyhere.com/wp-json/oembed/1.0/embedec5f]
[clickbuyhere.com/wp-content/uploads/2022/08/cropped-favicon-cbh-512x512-1-32x32.png]
[clickbuyhere.com/wp-content/uploads/2022/08/cropped-favicon-cbh-512x512-1-192x192.png]
[clickbuyhere.com/wp-content/uploads/2022/08/cropped-favicon-cbh-512x512-1-180x180.png]
[clickbuyhere.com/wp-content/uploads/2022/09/wood-plans-1.jpg]
[clickbuyhere.com/wp-content/uploads/2022/09/cutting-list7831.jpg]
[clickbuyhere.com/wp-content/uploads/2022/09/wood-plans-3.jpg]
[clickbuyhere.com/wp-content/uploads/2022/09/img10.jpg]
[clickbuyhere.com/wp-content/uploads/2022/09/img11.jpg]
[clickbuyhere.com/wp-content/uploads/2022/09/img15.jpg]
[clickbuyhere.com/wp-content/uploads/2022/09/wood-projects-cool3-1-1.png]
[clickbuyhere.com/wp-content/uploads/2022/09/img17.jpg]
[clickbuyhere.com/wp-content/uploads/2022/09/tedswood-list-of-plans.png]
[clickbuyhere.com/wp-content/plugins/elementor/assets/lib/animations/animations.minac9e.css]
[clickbuyhere.com/wp-content/plugins/super-links/assets/js/automatic-links5fc8.js]
[clickbuyhere.com/wp-content/themes/hello-elementor/assets/js/hello-frontend.min8a54.js]
[clickbuyhere.com/wp-content/plugins/elementor-pro/assets/js/webpack-pro.runtime.min49eb.js]
[clickbuyhere.com/wp-content/plugins/elementor/assets/js/webpack.runtime.minac9e.js]
[clickbuyhere.com/wp-content/plugins/elementor/assets/js/frontend-modules.minac9e.js]
[clickbuyhere.com/wp-content/plugins/elementor-pro/assets/js/frontend.min49eb.js]
[clickbuyhere.com/wp-content/plugins/elementor/assets/lib/waypoints/waypoints.min05da.js]
[clickbuyhere.com/wp-includes/js/jquery/ui/core.min0028.js]
[clickbuyhere.com/wp-content/plugins/elementor/assets/js/frontend.minac9e.js]
[clickbuyhere.com/wp-content/plugins/elementor-pro/assets/js/elements-handlers.min49eb.js]
[clickbuyhere.com/teds-woodworking/index.html]
[s.w.org/index.html]
[fonts.googleapis.com/css9c85.css]
[clickbuyhere.com/index8054.html]
[clickbuyhere.com/wp-includes/css/dist/block-library/style.min5b21.css]
[clickbuyhere.com/wp-json/index.html]
[clickbuyhere.com/wp-content/uploads/2022/09/wood-plans-1.jpg]
[clickbuyhere.com/wp-content/themes/hello-elementor/style.minc141.css]
[clickbuyhere.com/wp-content/uploads/2022/09/wood-projects-cool3-1-1.png]
[clickbuyhere.com/wp-content/themes/hello-elementor/theme.minc141.css]
[clickbuyhere.com/wp-includes/js/jquery/jquery.minaf6c.js]
[clickbuyhere.com/wp-content/plugins/elementor/assets/css/frontend-lite.minac9e.css]
[clickbuyhere.com/wp-content/uploads/2022/09/tedswood-list-of-plans.png]
[clickbuyhere.com/wp-content/uploads/elementor/css/post-5f4e8.css]
[clickbuyhere.com/wp-content/uploads/2022/09/img17.jpg]
[clickbuyhere.com/wp-json/wp/v2/pages/55.json]
[clickbuyhere.com/wp-content/plugins/cookie-notice/css/front.min5b21.css]
[clickbuyhere.com/wp-content/plugins/elementor/assets/lib/eicons/css/elementor-icons.min91ce.css]
[clickbuyhere.com/wp-content/plugins/elementor-pro/assets/css/frontend-lite.min49eb.css]
[clickbuyhere.com/wp-content/uploads/elementor/css/globalaa15.css]
[clickbuyhere.com/wp-content/uploads/elementor/css/post-55c3c1.css]
[clickbuyhere.com/wp-content/plugins/elementor/assets/lib/font-awesome/css/fontawesome.min52d5.css]
[clickbuyhere.com/wp-content/plugins/elementor/assets/lib/font-awesome/css/solid.min52d5.css]
[clickbuyhere.com/xmlrpc0db0.php]
[clickbuyhere.com/xmlrpc0db0.php]
[clickbuyhere.com/wp-includes/wlwmanifest.html]
[clickbuyhere.com/wp-content/plugins/elementor/assets/lib/animations/animations.minac9e.css]
