[tedswoodworking.com/new/vsloffer/index.html]
[backblue.gif]
[fade.gif]
[index.html]
[www.tedswoodworking.com/images/16plansimg.jpg]
[tedswoodworking.com/new/vsloffer/css/style-optinpop.css]
[fonts.googleapis.com/css20466.css]
[fonts.googleapis.com/css2f68a.css]
[www.tedswoodworking.com/bbext/jquery.modal.min.css]
[tedswoodworking.com/new/vsloffer/images/logo.png]
[tedswoodworking.com/new/vsloffer/vidassets/ted-thumbvid-desktop.mp4]
[tedswoodworking.com/new/vsloffer/vidassets/ted-thumbvid-mobile.mp4]
[tedswoodworking.com/new/vsloffer/images/img-1.jpg]
[tedswoodworking.com/new/vsloffer/images/img-2.jpg]
[tedswoodworking.com/new/vsloffer/images/img3.jpg]
[tedswoodworking.com/new/vsloffer/images/img4.jpg]
[tedswoodworking.com/new/vsloffer/images/img5.jpg]
[tedswoodworking.com/new/vsloffer/images/img6.jpg]
[tedswoodworking.com/new/vsloffer/images/img7.jpg]
[tedswoodworking.com/new/vsloffer/images/img8.jpg]
[tedswoodworking.com/new/vsloffer/images/img9.jpg]
[tedswoodworking.com/new/vsloffer/images/img10.jpg]
[tedswoodworking.com/new/vsloffer/images/img11.jpg]
[tedswoodworking.com/new/vsloffer/images/img12.jpg]
[tedswoodworking.com/new/vsloffer/images/img13.jpg]
[tedswoodworking.com/new/vsloffer/images/img14.jpg]
[tedswoodworking.com/new/vsloffer/images/img15.jpg]
[tedswoodworking.com/new/vsloffer/images/img16.jpg]
[tedswoodworking.com/new/vsloffer/images/img17.jpg]
[tedswoodworking.com/new/vsloffer/images/img18.jpg]
[tedswoodworking.com/new/vsloffer/images/img19.jpg]
[tedswoodworking.com/new/vsloffer/images/img20.jpg]
[tedswoodworking.com/new/vsloffer/images/img21.jpg]
[tedswoodworking.com/new/vsloffer/images/img22.jpg]
[tedswoodworking.com/new/vsloffer/images/img23.jpg]
[tedswoodworking.com/new/vsloffer/images/img24.jpg]
[tedswoodworking.com/new/vsloffer/images/icon2.png]
[tedswoodworking.com/new/vsloffer/images/img25.jpg]
[tedswoodworking.com/new/vsloffer/images/img26.jpg]
[tedswoodworking.com/new/vsloffer/images/img27.jpg]
[tedswoodworking.com/new/vsloffer/images/img28.jpg]
[tedswoodworking.com/new/vsloffer/images/img29.jpg]
[tedswoodworking.com/new/vsloffer/images/img30.jpg]
[tedswoodworking.com/new/vsloffer/images/img31.jpg]
[tedswoodworking.com/new/vsloffer/images/img32.jpg]
[tedswoodworking.com/new/vsloffer/images/img33.jpg]
[tedswoodworking.com/new/vsloffer/images/img34.jpg]
[tedswoodworking.com/new/vsloffer/vidassets/jon-review.mp4]
[tedswoodworking.com/new/vsloffer/vidassets/barry-review.mp4]
[tedswoodworking.com/new/vsloffer/images/img35.jpg]
[tedswoodworking.com/new/vsloffer/images/img36.jpg]
[tedswoodworking.com/new/vsloffer/images/img37.jpg]
[tedswoodworking.com/new/vsloffer/images/img38.jpg]
[tedswoodworking.com/new/vsloffer/images/img39.jpg]
[tedswoodworking.com/new/vsloffer/images/img40.jpg]
[tedswoodworking.com/new/vsloffer/images/img41.jpg]
[tedswoodworking.com/new/vsloffer/images/img42.jpg]
[tedswoodworking.com/new/vsloffer/images/img43.jpg]
[tedswoodworking.com/new/vsloffer/images/img44.jpg]
[tedswoodworking.com/new/vsloffer/images/img45.jpg]
[tedswoodworking.com/new/vsloffer/images/img46.jpg]
[tedswoodworking.com/new/vsloffer/images/img47.jpg]
[tedswoodworking.com/new/vsloffer/images/img48.jpg]
[tedswoodworking.com/new/vsloffer/images/img49.jpg]
[tedswoodworking.com/new/vsloffer/images/img.png]
[tedswoodworking.com/new/vsloffer/images/img2.png]
[tedswoodworking.com/new/vsloffer/images/img50.jpg]
[tedswoodworking.com/new/vsloffer/images/img51.jpg]
[tedswoodworking.com/new/vsloffer/images/img52.jpg]
[tedswoodworking.com/new/vsloffer/images/img3.png]
[tedswoodworking.com/new/vsloffer/images/img53.jpg]
[tedswoodworking.com/new/vsloffer/images/img4.png]
[www.tedswoodworking.com/bbext/jquery-3.3.1.min.js]
[www.tedswoodworking.com/bbext/jquery.modal.min.js]
[www.tedswoodworking.com/bbext/bounceback.min2.js]
[www.tedswoodworking.com/bbext/index.js]
[www.tedswoodworking.com/bbext/free-plans-dl-bb.png]
[www.youtube.com/iframe_api]
[www.google-analytics.com/analytics.js]
[tedswoodworking.com/cdn-cgi/scripts/7d0fa10a/cloudflare-static/rocket-loader.min.js]
[tedswoodworking.com/new/vsloffer/index.html]
[fonts.googleapis.com/css20466.css]
[fonts.googleapis.com/css2f68a.css]
[tedswoodworking.com/new/vsloffer/images/logo.png]
[tedswoodworking.com/new/vsloffer/vidassets/ted-thumbvid-mobile.mp4]
[tedswoodworking.com/new/vsloffer/images/img6.jpg]
[tedswoodworking.com/new/vsloffer/vidassets/ted-thumbvid-desktop.mp4]
[tedswoodworking.com/new/vsloffer/images/img7.jpg]
[tedswoodworking.com/new/vsloffer/images/img8.jpg]
[tedswoodworking.com/new/vsloffer/images/retina_wood-main-bg.jpg]
[tedswoodworking.com/new/vsloffer/images/img16.jpg]
[tedswoodworking.com/new/vsloffer/images/img17.jpg]
[tedswoodworking.com/new/vsloffer/images/img18.jpg]
[tedswoodworking.com/new/vsloffer/images/img19.jpg]
[tedswoodworking.com/new/vsloffer/images/img20.jpg]
[tedswoodworking.com/new/vsloffer/images/img22.jpg]
[tedswoodworking.com/new/vsloffer/images/img21.jpg]
[tedswoodworking.com/new/vsloffer/images/arrow.png]
[tedswoodworking.com/new/vsloffer/images/img23.jpg]
[tedswoodworking.com/new/vsloffer/images/img25.jpg]
[tedswoodworking.com/new/vsloffer/images/img27.jpg]
[tedswoodworking.com/new/vsloffer/images/img29.jpg]
[tedswoodworking.com/new/vsloffer/vidassets/jon-review.mp4]
[tedswoodworking.com/new/vsloffer/vidassets/barry-review.mp4]
[tedswoodworking.com/new/vsloffer/images/img35.jpg]
[tedswoodworking.com/new/vsloffer/images/icon.png]
[tedswoodworking.com/new/vsloffer/images/img36.jpg]
[tedswoodworking.com/new/vsloffer/images/img37.jpg]
[tedswoodworking.com/new/vsloffer/images/img38.jpg]
[tedswoodworking.com/new/vsloffer/images/img50.jpg]
[tedswoodworking.com/new/vsloffer/images/img4.png]
[www.tedswoodworking.com/bbext/free-plans-dl-bb.png]
[tedswoodworking.com/new/vsloffer/images/icon3.png]
[www.youtube.com/iframe_api]
[tedswoodworking.com/new/vsloffer/images/retina_wood-main-bg.jpg]
[tedswoodworking.com/cdn-cgi/scripts/7d0fa10a/cloudflare-static/rocket-loader.min.js]
[tedswoodworking.com/new/vsloffer/images/icon4.png]
[tedswoodworking.com/new/vsloffer/vidassets/images/play-button-overlay-v4.png]
[tedswoodworking.com/new/vsloffer/vidassets/images/youtubethumbnail-v11-alt.png]
[tedswoodworking.com/new/vsloffer/vidassets/images/mobile-thumbnail-new-v6.png]
[www.tedswoodworking.com/bbext/main-bbbg1.jpg]
[www.tedswoodworking.com/bbext/underline.png]
[www.tedswoodworking.com/bbext/main-bbbg5.png]
[tedswoodworking.com/new/vsloffer/css/style-optinpop.css]
[www.tedswoodworking.com/bbext/jquery.modal.min.css]
